1619923009  4 4.75
B001BKEWF2  1 5.00
B001GXRQW0  706 4.09
B001H53QE4  8 3.63
B001H53QEO  3 3.00
B001KMWN2K  2 2.50
B001M1UVQO  2 1.00
B001M1UVZA  3 5.00
B001M5GKHE  1 1.00
B002BSHDJK  111 4.59
